stm32f7xx_hal_usart.c:2283:13:USART_EndTransfer	0	static
stm32f7xx_hal_usart.c:2786:13:USART_TxISR_16BIT	0	static
stm32f7xx_hal_usart.c:2594:26:USART_WaitOnFlagUntilTimeout.constprop	24	static
stm32f7xx_hal_usart.c:2752:13:USART_TxISR_8BIT	0	static
stm32f7xx_hal_usart.c:365:13:HAL_USART_MspInit	0	static
stm32f7xx_hal_usart.c:261:19:HAL_USART_Init	16	static
stm32f7xx_hal_usart.c:380:13:HAL_USART_MspDeInit	0	static
stm32f7xx_hal_usart.c:322:19:HAL_USART_DeInit	16	static
stm32f7xx_hal_usart.c:710:19:HAL_USART_Transmit	32	static
stm32f7xx_hal_usart.c:804:19:HAL_USART_Receive	32	static
stm32f7xx_hal_usart.c:906:19:HAL_USART_TransmitReceive	32	static
stm32f7xx_hal_usart.c:1049:19:HAL_USART_Transmit_IT	8	static
stm32f7xx_hal_usart.c:1109:19:HAL_USART_Receive_IT	8	static
stm32f7xx_hal_usart.c:1177:19:HAL_USART_TransmitReceive_IT	12	static
stm32f7xx_hal_usart.c:1243:19:HAL_USART_Transmit_DMA	24	static
stm32f7xx_hal_usart.c:1325:19:HAL_USART_Receive_DMA	24	static
stm32f7xx_hal_usart.c:1437:19:HAL_USART_TransmitReceive_DMA	24	static
stm32f7xx_hal_usart.c:1553:19:HAL_USART_DMAPause	0	static
stm32f7xx_hal_usart.c:1600:19:HAL_USART_DMAResume	0	static
stm32f7xx_hal_usart.c:1644:19:HAL_USART_DMAStop	8	static
stm32f7xx_hal_usart.c:1704:19:HAL_USART_Abort	8	static
stm32f7xx_hal_usart.c:2104:13:HAL_USART_TxCpltCallback	0	static
stm32f7xx_hal_usart.c:2298:13:USART_DMATransmitCplt	8	static
stm32f7xx_hal_usart.c:2119:13:HAL_USART_TxHalfCpltCallback	0	static
stm32f7xx_hal_usart.c:2338:13:USART_DMATxHalfCplt	8	static
stm32f7xx_hal_usart.c:2134:13:HAL_USART_RxCpltCallback	0	static
stm32f7xx_hal_usart.c:2149:13:HAL_USART_RxHalfCpltCallback	0	static
stm32f7xx_hal_usart.c:2431:13:USART_DMARxHalfCplt	8	static
stm32f7xx_hal_usart.c:2164:13:HAL_USART_TxRxCpltCallback	0	static
stm32f7xx_hal_usart.c:2875:13:USART_RxISR_8BIT	16	static
stm32f7xx_hal_usart.c:2955:13:USART_RxISR_16BIT	16	static
stm32f7xx_hal_usart.c:2356:13:USART_DMAReceiveCplt	8	static
stm32f7xx_hal_usart.c:2179:13:HAL_USART_ErrorCallback	0	static
stm32f7xx_hal_usart.c:2449:13:USART_DMAError	8	static
stm32f7xx_hal_usart.c:1917:6:HAL_USART_IRQHandler	16	static
stm32f7xx_hal_usart.c:2475:13:USART_DMAAbortOnError	8	static
stm32f7xx_hal_usart.c:2194:13:HAL_USART_AbortCpltCallback	0	static
stm32f7xx_hal_usart.c:1793:19:HAL_USART_Abort_IT	8	static
stm32f7xx_hal_usart.c:2546:13:USART_DMARxAbortCallback	8	static
stm32f7xx_hal_usart.c:2498:13:USART_DMATxAbortCallback	8	static
stm32f7xx_hal_usart.c:2231:24:HAL_USART_GetState	0	static
stm32f7xx_hal_usart.c:2242:10:HAL_USART_GetError	0	static
